{"class": "isometry", "data": {"isometries": [{"class": "transform_3d", "data": [{"class": "quaternion", "data": [0.8660254038, 0, 0, -0.5]}, {"class": "quaternion", "data": [-0.8660254038, 0, 0, -0.5]}]}, {"class": "transform_3d", "data": [{"class": "quaternion", "data": [-0.8660254038, 0, 0, -0.5]}, {"class": "quaternion", "data": [0.8660254038, 0, 0, -0.5]}]}, {"class": "transform_3d", "data": [{"class": "quaternion", "data": [0, 0.5, 0.8660254038, 0]}, {"class": "quaternion", "data": [0, -0.5, -0.8660254038, 0]}]}, {"class": "transform_3d", "data": [{"class": "quaternion", "data": [0, -0.8660254038, -0.5, 0]}, {"class": "quaternion", "data": [0, -0.8660254038, -0.5, 0]}]}, {"class": "transform_3d", "data": [{"class": "quaternion", "data": [-1, 0, 0, 0]}, {"class": "quaternion", "data": [-1, 0, 0, 0]}]}, {"class": "transform_3d", "data": [{"class": "quaternion", "data": [0, -1, 0, 0]}, {"class": "quaternion", "data": [0, 1, 0, 0]}]}, {"class": "transform_3d", "data": [{"class": "quaternion", "data": [-0.5, 0, 0, 0.8660254038]}, {"class": "quaternion", "data": [-0.5, 0, 0, -0.8660254038]}]}, {"class": "transform_3d", "data": [{"class": "quaternion", "data": [0.5, 0, 0, 0.8660254038]}, {"class": "quaternion", "data": [0.5, 0, 0, -0.8660254038]}]}, {"class": "transform_3d", "data": [{"class": "quaternion", "data": [0, 0, -1, 0]}, {"class": "quaternion", "data": [0, 0, -1, 0]}]}, {"class": "transform_3d", "data": [{"class": "quaternion", "data": [0, 0.8660254038, -0.5, 0]}, {"class": "quaternion", "data": [0, 0.8660254038, -0.5, 0]}]}, {"class": "transform_3d", "data": [{"class": "quaternion", "data": [0, 0, 0, -1]}, {"class": "quaternion", "data": [0, 0, 0, -1]}]}, {"class": "transform_3d", "data": [{"class": "quaternion", "data": [0, -0.5, 0.8660254038, 0]}, {"class": "quaternion", "data": [0, 0.5, -0.8660254038, 0]}]}]}}