{"class": "isometry", "data": {"isometries": [{"class": "transform_3d", "data": [{"class": "quaternion", "data": [0, 0, 0, 1]}, {"class": "quaternion", "data": [0, 0, 0, -1]}]}, {"class": "transform_3d", "data": [{"class": "quaternion", "data": [-0.3826834324, 0, 0, -0.9238795325]}, {"class": "quaternion", "data": [0.3826834324, 0, 0, -0.9238795325]}]}, {"class": "transform_3d", "data": [{"class": "quaternion", "data": [0, 0.3826834324, -0.9238795325, 0]}, {"class": "quaternion", "data": [0, 0.3826834324, -0.9238795325, 0]}]}, {"class": "transform_3d", "data": [{"class": "quaternion", "data": [0.7071067812, 0, 0, 0.7071067812]}, {"class": "quaternion", "data": [0.7071067812, 0, 0, -0.7071067812]}]}, {"class": "transform_3d", "data": [{"class": "quaternion", "data": [0.3826834324, 0, 0, -0.9238795325]}, {"class": "quaternion", "data": [-0.3826834324, 0, 0, -0.9238795325]}]}, {"class": "transform_3d", "data": [{"class": "quaternion", "data": [-0.7071067812, 0, 0, 0.7071067812]}, {"class": "quaternion", "data": [-0.7071067812, 0, 0, -0.7071067812]}]}, {"class": "transform_3d", "data": [{"class": "quaternion", "data": [0, -0.3826834324, -0.9238795325, 0]}, {"class": "quaternion", "data": [0, -0.3826834324, -0.9238795325, 0]}]}, {"class": "transform_3d", "data": [{"class": "quaternion", "data": [-1, 0, 0, 0]}, {"class": "quaternion", "data": [-1, 0, 0, 0]}]}, {"class": "transform_3d", "data": [{"class": "quaternion", "data": [0, -1, 0, 0]}, {"class": "quaternion", "data": [0, 1, 0, 0]}]}, {"class": "transform_3d", "data": [{"class": "quaternion", "data": [0, -0.7071067812, 0.7071067812, 0]}, {"class": "quaternion", "data": [0, 0.7071067812, -0.7071067812, 0]}]}, {"class": "transform_3d", "data": [{"class": "quaternion", "data": [0, 0, 1, 0]}, {"class": "quaternion", "data": [0, 0, -1, 0]}]}, {"class": "transform_3d", "data": [{"class": "quaternion", "data": [-0.9238795325, 0, 0, -0.3826834324]}, {"class": "quaternion", "data": [0.9238795325, 0, 0, -0.3826834324]}]}, {"class": "transform_3d", "data": [{"class": "quaternion", "data": [0, -0.9238795325, -0.3826834324, 0]}, {"class": "quaternion", "data": [0, -0.9238795325, -0.3826834324, 0]}]}, {"class": "transform_3d", "data": [{"class": "quaternion", "data": [0.9238795325, 0, 0, -0.3826834324]}, {"class": "quaternion", "data": [-0.9238795325, 0, 0, -0.3826834324]}]}, {"class": "transform_3d", "data": [{"class": "quaternion", "data": [0, 0.7071067812, 0.7071067812, 0]}, {"class": "quaternion", "data": [0, -0.7071067812, -0.7071067812, 0]}]}, {"class": "transform_3d", "data": [{"class": "quaternion", "data": [0, 0.9238795325, -0.3826834324, 0]}, {"class": "quaternion", "data": [0, 0.9238795325, -0.3826834324, 0]}]}]}}