{"class": "isometry", "data": {"isometries": [{"class": "transform_3d", "data": [{"class": "quaternion", "data": [0, 0, 0, 1]}, {"class": "quaternion", "data": [0, 0, 0, -1]}]}, {"class": "transform_3d", "data": [{"class": "quaternion", "data": [-1, 0, 0, 0]}, {"class": "quaternion", "data": [-1, 0, 0, 0]}]}]}}