{"class": "isometry", "data": {"isometries": [{"class": "transform_3d", "data": [{"class": "quaternion", "data": [-1, 0, 0, 0]}, {"class": "quaternion", "data": [-1, 0, 0, 0]}]}, {"class": "transform_3d", "data": [{"class": "quaternion", "data": [0.3090169944, 0, 0, 0.9510565163]}, {"class": "quaternion", "data": [0.3090169944, 0, 0, -0.9510565163]}]}, {"class": "transform_3d", "data": [{"class": "quaternion", "data": [-0.3090169944, 0, 0, 0.9510565163]}, {"class": "quaternion", "data": [-0.3090169944, 0, 0, -0.9510565163]}]}, {"class": "transform_3d", "data": [{"class": "quaternion", "data": [0.8090169944, 0, 0, 0.5877852523]}, {"class": "quaternion", "data": [0.8090169944, 0, 0, -0.5877852523]}]}, {"class": "transform_3d", "data": [{"class": "quaternion", "data": [-0.8090169944, 0, 0, 0.5877852523]}, {"class": "quaternion", "data": [-0.8090169944, 0, 0, -0.5877852523]}]}]}}