{"class": "compound_shape", "data": {"name": "abc", "shapes": [{"class": "shape", "data": {"cols": [[0.8, 0.1, 0.1], [0.8, 0.8, 0.3], [0.3, 0.3, 0.8]], "face_cols": [0, 1, 2, 1, 2, 0], "fs": [[0, 1, 2, 3], [0, 3, 7, 4], [1, 0, 4, 5], [2, 1, 5, 6], [3, 2, 6, 7], [7, 6, 5, 4]], "name": "SimpleShape", "vs": [[1, 1, 1], [-1, 1, 1], [-1, -1, 1], [1, -1, 1], [1, 1, -1], [-1, 1, -1], [-1, -1, -1], [1, -1, -1], [1, 1, -2], [0.5, 1, 1]]}}, {"class": "shape", "data": {"cols": [[0.8, 0.8, 0.3]], "face_cols": [0, 0, 0, 0, 0, 0, 0, 0], "fs": [[0, 1, 2], [0, 2, 3], [0, 3, 4], [0, 4, 1], [5, 2, 1], [5, 3, 2], [5, 4, 3], [5, 1, 4]], "name": "SimpleShape", "vs": [[0, 0, 2], [2, 0, 0], [0, 2, 0], [-2, 0, 0], [0, -2, 0], [0, 0, -2]]}}]}}