{"class": "symmetric_shape", "data": {"cols": [[0.996094, 0.839844, 0], [0.132812, 0.542969, 0.132812], [0.542969, 0, 0]], "fs": [[0, 2, 1], [0, 1, 3], [0, 3, 2], [1, 2, 3]], "isometries": [{"class": "transform_3d", "data": [{"class": "quaternion", "data": [1, 0, 0, 0]}, {"class": "quaternion", "data": [1, 0, 0, 0]}]}, {"class": "transform_3d", "data": [{"class": "quaternion", "data": [0, 1, 0, 0]}, {"class": "quaternion", "data": [0, 1, 0, 0]}]}, {"class": "transform_3d", "data": [{"class": "quaternion", "data": [-0.5, 0.5, -0.5, -0.5]}, {"class": "quaternion", "data": [0.5, 0.5, -0.5, -0.5]}]}], "name": "different_isoms2", "orientation": {"class": "transform_3d", "data": [{"class": "quaternion", "data": [0.923879532511, 0, 0, 0.382683432365]}, {"class": "quaternion", "data": [0.923879532511, 0, 0, -0.382683432365]}]}, "vs": [[1, -0.5, 1], [-1, 1, 1], [1, 1, -1], [-1, -1, -1]]}}