{"class": "symmetric_shape", "data": {"cols": [[0.996094, 0.839844, 0], [0.132812, 0.542969, 0.132812], [0.542969, 0, 0], [0, 0.746094, 0.996094], [0.542969, 0, 0], [0.132812, 0.542969, 0.132812], [0, 0.746094, 0.996094], [0, 0.746094, 0.996094], [0.996094, 0.839844, 0], [0.542969, 0, 0], [0.132812, 0.542969, 0.132812], [0.996094, 0.839844, 0]], "fs": [[0, 1, 2, 3], [0, 3, 7, 4], [1, 0, 4, 5], [2, 1, 5, 6], [3, 2, 6, 7], [7, 6, 5, 4]], "isometries": [{"class": "transform_3d", "data": [{"class": "quaternion", "data": [-0.5, 0.5, -0.5, -0.5]}, {"class": "quaternion", "data": [-0.5, -0.5, 0.5, 0.5]}]}, {"class": "transform_3d", "data": [{"class": "quaternion", "data": [-0.707106781187, 0, -0.707106781187, 0]}, {"class": "quaternion", "data": [-0.707106781187, 0, 0.707106781187, 0]}]}, {"class": "transform_3d", "data": [{"class": "quaternion", "data": [0, 0, -0.707106781187, -0.707106781187]}, {"class": "quaternion", "data": [0, 0, 0.707106781187, 0.707106781187]}]}, {"class": "transform_3d", "data": [{"class": "quaternion", "data": [0.707106781187, -0.707106781187, 0, 0]}, {"class": "quaternion", "data": [0.707106781187, 0.707106781187, 0, 0]}]}, {"class": "transform_3d", "data": [{"class": "quaternion", "data": [0, -0.707106781187, 0.707106781187, 0]}, {"class": "quaternion", "data": [0, 0.707106781187, -0.707106781187, 0]}]}, {"class": "transform_3d", "data": [{"class": "quaternion", "data": [0.5, -0.5, -0.5, -0.5]}, {"class": "quaternion", "data": [0.5, 0.5, 0.5, 0.5]}]}, {"class": "transform_3d", "data": [{"class": "quaternion", "data": [-0.5, -0.5, 0.5, -0.5]}, {"class": "quaternion", "data": [-0.5, 0.5, -0.5, 0.5]}]}, {"class": "transform_3d", "data": [{"class": "quaternion", "data": [0, 0.707106781187, 0, -0.707106781187]}, {"class": "quaternion", "data": [0, -0.707106781187, 0, 0.707106781187]}]}, {"class": "transform_3d", "data": [{"class": "quaternion", "data": [-0.707106781187, -0.707106781187, 0, 0]}, {"class": "quaternion", "data": [-0.707106781187, 0.707106781187, 0, 0]}]}, {"class": "transform_3d", "data": [{"class": "quaternion", "data": [0, 0.707106781187, 0, 0.707106781187]}, {"class": "quaternion", "data": [0, -0.707106781187, 0, -0.707106781187]}]}, {"class": "transform_3d", "data": [{"class": "quaternion", "data": [0, 0, -0.707106781187, 0.707106781187]}, {"class": "quaternion", "data": [0, 0, 0.707106781187, -0.707106781187]}]}, {"class": "transform_3d", "data": [{"class": "quaternion", "data": [0.707106781187, 0, -0.707106781187, 0]}, {"class": "quaternion", "data": [0.707106781187, 0, 0.707106781187, 0]}]}], "name": "isom_12cubes", "orientation": {"class": "transform_3d", "data": [{"class": "quaternion", "data": [0.953020613871, 0.214186495298, 0, 0.214186495298]}, {"class": "quaternion", "data": [0.953020613871, -0.214186495298, 0, -0.214186495298]}]}, "vs": [[1, 1, 1], [-1, 1, 1], [-1, -1, 1], [1, -1, 1], [1, 1, -1], [-1, 1, -1], [-1, -1, -1], [1, -1, -1]]}}