{"class": "orbit_shape", "data": {"cols": [[0.996094, 0.839844, 0], [0.132812, 0.542969, 0.132812], [0.542969, 0, 0], [0, 0.746094, 0.996094], [0.542969, 0.523438, 0.304688]], "final_sym": {"class": "A5", "data": {"generator": {"o3axis": [1, 1, 1], "o5axis": [0, 1.6180339887, 1]}}}, "fs": [[0, 1, 2, 3], [0, 3, 7, 4], [1, 0, 4, 5], [2, 1, 5, 6], [3, 2, 6, 7], [7, 6, 5, 4]], "name": "orbit_5cubes", "stab_sym": {"class": "A4", "data": {"generator": {"o2axis0": [1, 0, 0], "o2axis1": [0, 1, 0]}}}, "vs": [[1, 1, 1], [-1, 1, 1], [-1, -1, 1], [1, -1, 1], [1, 1, -1], [-1, 1, -1], [-1, -1, -1], [1, -1, -1]]}}