{"class": "orbit_shape", "data": {"base": {"fs": [[0, 1, 2], [0, 3, 1], [2, 3, 0], [1, 3, 2]], "vs": [[1, 0, 1.414213562373], [-1, -1.414213562373, 0], [1, 0, -1.414213562373], [-1, 1.414213562373, 0]]}, "col_alt": 0, "col_sym": "", "cols": [[220, 159, 220], [254, 214, 0]], "final_sym": {"class": "D4xI", "data": {"generator": {"axis_2": [1, 0, 0], "axis_n": [0, 0, 1], "n": 4}}}, "name": "tet_4_D4xI_D2C2", "no_of_cols": 2, "stab_sym": {"class": "D2C2", "data": {"generator": {"axis_n": [1, 0, 0], "normal_r": [0, 1, 0]}}}, "version": 2}}